========================================================================
================== PHASE 1 — INITIALIZATION  (N = 50) ==================
========================================================================
  Generated 50 individuals | T1 pool: 20 | T2 pool (unassigned): 30
  Best: 96.66%  Avg: 95.72%

========================================================================
========== PHASE 2 — TIER-1 WARM-UP  (5 iters × 4 algorithms) ==========
========================================================================
  T1-GA   : seeded 5 inds | best 95.96%
  T1-PSO  : seeded 5 inds | best 95.96%
  T1-DE   : seeded 5 inds | best 96.13%
  T1-CMAES: seeded 5 inds | best 95.78%

  Running 5 warm-up iterations...

========================================================================
========== PHASE 3 — COMPOSITE SCORING + INITIAL T2 PROMOTION ==========
========================================================================

  Algorithm  Accuracy    Speed  Diversity  Composite
  ---------- -------- -------- ---------- ----------
  T1_DE        96.84%   96.837      0.419      1.000
  T1_GA        96.66%   96.661      0.000      0.638
  T1_PSO       96.48%   96.485      0.399      0.568
  T1_CMAES     96.13%   96.133      0.365      0.131

  PROMOTED to T2 : ['DE', 'GA']   (ranked #1, #2)
  REMAIN in T1   : ['PSO', 'CMAES']  (ranked #3, #4)
  T2-DE   : 15 inds | best 96.84%
  T2-GA   : 15 inds | best 96.66%

========================================================================
 PHASE 5 — PARALLEL MAIN LOOP  [T2: ['DE', 'GA'] | T1: ['PSO', 'CMAES']] 
========================================================================
  k=5 | elite_pct=20% | inject=20% | threshold=0.05

  Iter               T2 Best               T1 Best    Global     Evals
  ----  --------------------  --------------------  --------  --------
     6    DE:96.8%  GA:96.7%  PSO:96.5%  CMAES:96.3%    96.84%   190/300
     7    DE:96.8%  GA:96.7%  PSO:96.5%  CMAES:96.1%    96.84%   230/300
     8    DE:96.8%  GA:96.7%  PSO:96.5%  CMAES:96.5%    96.84%   270/300

========================================================================
================ PHASE 9 — CONVERGENCE / FINAL RESULTS ================
========================================================================
  Total Evaluations : 300
  Elapsed           : 1097.2s
  Winning Algorithm : T1_DE
  Best Accuracy     : 96.8365%

  Best Hyperparameters:
    * booster             : dart
    * learning_rate       : 0.241458
    * max_depth           : 3
    * n_estimators        : 403
    * subsample           : 0.631519

  Top-5 Ensemble:
    1. T1_DE        96.8365%
    2. T1_DE        96.8365%
    3. T1_DE        96.8365%
    4. T1_DE        96.8365%
    5. RandomInit   96.6611%
